// Jest Snapshot v1, https://goo.gl/fbAQLP

exports[`NoMatch should render NoMatch component 1`] = `ReactWrapper {}`;
